Microchip MPLAB XC8 Compiler V2.32

Linker command line:

-W-3 --edf=C:\Program Files\Microchip\xc8\v2.32\pic\dat\en_msgs.txt -cn \
  -h+dist/default/production\lab2.X.production.sym \
  --cmf=dist/default/production\lab2.X.production.cmf -z -Q16F877A \
  -oC:\Users\bruno\AppData\Local\Temp\xcAsq4.4 --defsym=__MPLAB_BUILD=1 \
  -Mdist/default/production/lab2.X.production.map -E1 -ver=XC8 Compiler \
  --acfsm=1493 -ASTACK=0110h-016Fh -pstack=STACK -ACODE=00h-07FFhx4 \
  -ASTRCODE=00h-01FFFh -ASTRING=00h-0FFhx32 -ACONST=00h-0FFhx32 \
  -AENTRY=00h-0FFhx32 -ACOMMON=070h-07Fh -ABANK0=020h-06Fh \
  -ABANK1=0A0h-0EFh -ABANK2=0110h-016Fh -ABANK3=0190h-01EFh \
  -ARAM=020h-06Fh,0A0h-0EFh,0110h-016Fh,0190h-01EFh \
  -AABS1=020h-07Fh,0A0h-0EFh,0110h-016Fh,0190h-01EFh -ASFR0=00h-01Fh \
  -ASFR1=080h-09Fh -ASFR2=0100h-010Fh -ASFR3=0180h-018Fh \
  -ACONFIG=02007h-02007h -DCONFIG=2 -AIDLOC=02000h-02003h -DIDLOC=2 \
  -AEEDATA=00h-0FFh/02100h -peeprom_data=EEDATA -DEEDATA=2 -DCODE=2 \
  -DSTRCODE=2 -DSTRING=2 -DCONST=2 -DENTRY=2 \
  -preset_vec=00h,intentry,init,end_init -ppowerup=CODE -pcinit=CODE \
  -pfunctab=ENTRY -k C:\Users\bruno\AppData\Local\Temp\xcAsq4.o \
  dist/default/production\lab2.X.production.o 

Object code version is 3.11

Machine type is 16F877A



                Name                               Link     Load   Length Selector   Space Scale
C:\Users\bruno\AppData\Local\Temp\xcAsq4.o
                end_init                              0        0        3        0       0
                config                             2007     2007        1        0       4
dist/default/production\lab2.X.production.o
                cinit                               7FC      7FC        4      FF8       0
                config                             2007     2007        1        0       4
                text23                               6C       6C        A       D8       0
                text22                              134      134       2A      268       0
                text21                              2B6      2B6       67      56C       0
                text20                               BF       BF       1B      17E       0
                text19                               50       50        4       A0       0
                text18                               54       54        5       A8       0
                text17                               63       63        9       C6       0
                text16                              114      114       20      228       0
                text15                               DA       DA       1D      1B4       0
                text14                               F7       F7       1D      1EE       0
                text13                               92       92       15      124       0
                text12                               A7       A7       18      14E       0
                text11                              21E      21E       48      43C       0
                text10                               59       59        5       B2       0
                text9                                5E       5E        5       BC       0
                text8                               1DA      1DA       44      3B4       0
                text7                               15E      15E       3A      2BC       0
                text6                               31D      31D       FC      63A       0
                text5                                76       76        A       EC       0
                text4                               198      198       42      330       0
                text3                               266      266       50      4CC       0
                text2                               516      516      2E6      A2C       0
                text1                                80       80       12      100       0
                maintext                            419      419       FD      832       0
                cstackBANK0                          20       20       4F       20       1
                cstackCOMMON                         70       70        E       70       1
                cstackBANK1                          A0       A0       10       A0       1
                stringtext                          800      800      1FE       10       0

TOTAL           Name                               Link     Load   Length     Space
        CLASS   STACK          

        CLASS   CODE           
                end_init                              0        0        3         0
                cinit                               7FC      7FC        4         0
                text23                               6C       6C        A         0
                text22                              134      134       2A         0
                text21                              2B6      2B6       67         0
                text20                               BF       BF       1B         0
                text19                               50       50        4         0
                text18                               54       54        5         0
                text17                               63       63        9         0
                text16                              114      114       20         0
                text15                               DA       DA       1D         0
                text14                               F7       F7       1D         0
                text13                               92       92       15         0
                text12                               A7       A7       18         0
                text11                              21E      21E       48         0
                text10                               59       59        5         0
                text9                                5E       5E        5         0
                text8                               1DA      1DA       44         0
                text7                               15E      15E       3A         0
                text6                               31D      31D       FC         0
                text5                                76       76        A         0
                text4                               198      198       42         0
                text3                               266      266       50         0
                text2                               516      516      2E6         0
                text1                                80       80       12         0
                maintext                            419      419       FD         0

        CLASS   STRCODE        
                stringtext                          800      800      1FE         0

        CLASS   STRING         

        CLASS   CONST          

        CLASS   ENTRY          

        CLASS   COMMON         
                cstackCOMMON                         70       70        E         1

        CLASS   BANK0          
                cstackBANK0                          20       20       4F         1

        CLASS   BANK1          
                cstackBANK1                          A0       A0       10         1

        CLASS   BANK2          

        CLASS   BANK3          

        CLASS   RAM            

        CLASS   ABS1           
                abs_s1                               7E       7E        2         1

        CLASS   SFR0           

        CLASS   SFR1           

        CLASS   SFR2           

        CLASS   SFR3           

        CLASS   CONFIG         
                config                             2007     2007        1         4

        CLASS   IDLOC          

        CLASS   EEDATA         



SEGMENTS        Name                           Load    Length   Top    Selector   Space  Class     Delta

                reset_vec                      000000  000003  000003         0       0  CODE        2
                cstackBANK0                    000020  00004F  00006F        20       1  BANK0       1
                cstackCOMMON                   000070  00000E  00007E        70       1  COMMON      1
                cstackBANK1                    0000A0  000010  0000B0        A0       1  BANK1       1
                text19                         000050  000004  000054        A0       0  CODE        2
                text18                         000054  000005  000059        A8       0  CODE        2
                text10                         000059  000005  00005E        B2       0  CODE        2
                text9                          00005E  000005  000063        BC       0  CODE        2
                text17                         000063  000009  00006C        C6       0  CODE        2
                text23                         00006C  00000A  000076        D8       0  CODE        2
                text5                          000076  00000A  000080        EC       0  CODE        2
                text1                          000080  000012  000092       100       0  CODE        2
                text13                         000092  000015  0000A7       124       0  CODE        2
                text12                         0000A7  000018  0000BF       14E       0  CODE        2
                text20                         0000BF  00001B  0000DA       17E       0  CODE        2
                text15                         0000DA  00001D  0000F7       1B4       0  CODE        2
                text14                         0000F7  00001D  000114       1EE       0  CODE        2
                text16                         000114  000020  000134       228       0  CODE        2
                text22                         000134  00002A  00015E       268       0  CODE        2
                text7                          00015E  00003A  000198       2BC       0  CODE        2
                text4                          000198  000042  0001DA       330       0  CODE        2
                text8                          0001DA  000044  00021E       3B4       0  CODE        2
                text11                         00021E  000048  000266       43C       0  CODE        2
                text3                          000266  000050  0002B6       4CC       0  CODE        2
                text21                         0002B6  000067  00031D       56C       0  CODE        2
                text6                          00031D  0000FC  000419       63A       0  CODE        2
                maintext                       000419  0000FD  000516       832       0  CODE        2
                text2                          000516  0002E6  0007FC       A2C       0  CODE        2
                cinit                          0007FC  000004  000800       FF8       0  CODE        2
                stringtext                     000800  0001FE  0009FE        10       0  STRCODE     2


UNUSED ADDRESS RANGES

        Name                Unused          Largest block    Delta
        BANK0            006F-006F              1           1
        BANK1            00B0-00EF             40           1
        BANK2            0110-016F             60           1
        BANK3            0190-01EF             60           1
        CODE             0003-004F             4D           2
                         09FE-1FFF            800
        CONST            0003-004F             4D           2
                         09FE-1FFF            100
        EEDATA           2100-21FF            100           2
        ENTRY            0003-004F             4D           2
                         09FE-1FFF            100
        IDLOC            2000-2003              4           2
        RAM              006F-006F              1           1
                         00B0-00EF             40
                         0110-016F             60
                         0190-01EF             60
        SFR0             0000-001F             20           1
        SFR1             0080-009F             20           1
        SFR2             0100-010F             10           1
        SFR3             0180-018F             10           1
        STACK            0110-016F             60           1
        STRCODE          0003-004F             4D           2
                         09FE-1FFF           1602
        STRING           0003-004F             4D           2
                         09FE-1FFF            100

                                  Symbol Table

?___awdiv                      cstackCOMMON 0073
?___lwdiv                      cstackCOMMON 0070
?___lwmod                      cstackCOMMON 0078
?_adc_read                     cstackCOMMON 0070
?_changeMode                   cstackCOMMON 0070
?_check_temperature            cstackCOMMON 0070
?_solar_tracker                cstackBANK1  00A0
?_sprintf                      cstackBANK0  0020
_ADCON0                        (abs)        001F
_ADCON0bits                    (abs)        001F
_ADCON1                        (abs)        009F
_ADCON1bits                    (abs)        009F
_ADRESH                        (abs)        001E
_ADRESL                        (abs)        009E
_BRGH                          (abs)        04C2
_CREN                          (abs)        00C4
_PORTBbits                     (abs)        0006
_PORTCbits                     (abs)        0007
_PORTDbits                     (abs)        0008
_RCIF                          (abs)        0065
_RCREG                         (abs)        001A
_RX9                           (abs)        00C6
_SPBRG                         (abs)        0099
_SPEN                          (abs)        00C7
_SYNC                          (abs)        04C4
_TRISAbits                     (abs)        0085
_TRISBbits                     (abs)        0086
_TRISCbits                     (abs)        0087
_TRISDbits                     (abs)        0088
_TX9                           (abs)        04C6
_TXEN                          (abs)        04C5
_TXIF                          (abs)        0064
_TXREG                         (abs)        0019
__Habs1                        abs1         0000
__Hbank0                       bank0        0000
__Hbank1                       bank1        0000
__Hbank2                       bank2        0000
__Hbank3                       bank3        0000
__Hcinit                       cinit        0800
__Hclrtext                     clrtext      0000
__Hcode                        code         0000
__Hcommon                      common       0000
__Hconfig                      config       2008
__HcstackBANK0                 cstackBANK0  0000
__HcstackBANK1                 cstackBANK1  0000
__HcstackCOMMON                cstackCOMMON 0000
__Heeprom_data                 eeprom_data  0000
__Hend_init                    end_init     0003
__Hfunctab                     functab      0000
__Hinit                        init         0000
__Hintentry                    intentry     0000
__Hmaintext                    maintext     0000
__Hpowerup                     powerup      0000
__Hram                         ram          0000
__Hreset_vec                   reset_vec    0000
__Hsfr0                        sfr0         0000
__Hsfr1                        sfr1         0000
__Hsfr2                        sfr2         0000
__Hsfr3                        sfr3         0000
__Hspace_0                     (abs)        09FE
__Hspace_1                     (abs)        00B0
__Hspace_2                     (abs)        0000
__Hspace_3                     (abs)        0000
__Hspace_4                     (abs)        400F
__Hstack                       stack        0000
__Hstrings                     strings      0000
__Hstringtext                  stringtext   0000
__Htext                        text         0000
__Labs1                        abs1         0000
__Lbank0                       bank0        0000
__Lbank1                       bank1        0000
__Lbank2                       bank2        0000
__Lbank3                       bank3        0000
__Lcinit                       cinit        07FC
__Lclrtext                     clrtext      0000
__Lcode                        code         0000
__Lcommon                      common       0000
__Lconfig                      config       0000
__LcstackBANK0                 cstackBANK0  0000
__LcstackBANK1                 cstackBANK1  0000
__LcstackCOMMON                cstackCOMMON 0000
__Leeprom_data                 eeprom_data  0000
__Lend_init                    end_init     0000
__Lfunctab                     functab      0000
__Linit                        init         0000
__Lintentry                    intentry     0000
__Lmaintext                    maintext     0000
__Lpowerup                     powerup      0000
__Lram                         ram          0000
__Lreset_vec                   reset_vec    0000
__Lsfr0                        sfr0         0000
__Lsfr1                        sfr1         0000
__Lsfr2                        sfr2         0000
__Lsfr3                        sfr3         0000
__Lspace_0                     (abs)        0000
__Lspace_1                     (abs)        0000
__Lspace_2                     (abs)        0000
__Lspace_3                     (abs)        0000
__Lspace_4                     (abs)        0000
__Lstack                       stack        0000
__Lstrings                     strings      0000
__Lstringtext                  stringtext   0000
__Ltext                        text         0000
__S0                           (abs)        09FE
__S1                           (abs)        00B0
__S2                           (abs)        0000
__S3                           (abs)        0000
___awdiv                       text21       02B6
___awdiv@counter               cstackCOMMON 0078
___awdiv@dividend              cstackCOMMON 0075
___awdiv@divisor               cstackCOMMON 0073
___awdiv@quotient              cstackCOMMON 007A
___awdiv@sign                  cstackCOMMON 0079
___int_sp                      stack        0000
___latbits                     (abs)        0002
___lwdiv                       text8        01DA
___lwdiv@counter               cstackCOMMON 0077
___lwdiv@dividend              cstackCOMMON 0072
___lwdiv@divisor               cstackCOMMON 0070
___lwdiv@quotient              cstackCOMMON 0075
___lwmod                       text7        015E
___lwmod@counter               cstackCOMMON 007D
___lwmod@dividend              cstackCOMMON 007A
___lwmod@divisor               cstackCOMMON 0078
___sp                          stack        0000
___stackhi                     (abs)        0000
___stacklo                     (abs)        0000
__end_of___awdiv               text21       031D
__end_of___lwdiv               text8        021E
__end_of___lwmod               text7        0198
__end_of__initialization       cinit        07FC
__end_of__stringtab            stringtext   0812
__end_of_adc_init              text23       0076
__end_of_adc_read              text20       00DA
__end_of_changeMode            text16       0134
__end_of_change_cooler_state   text15       00F7
__end_of_change_heater_state   text14       0114
__end_of_check_temperature     text13       00A7
__end_of_configPorts           text22       015E
__end_of_debounce              text11       0266
__end_of_delay                 text12       00BF
__end_of_dpowers               stringtext   081C
__end_of_main                  maintext     0516
__end_of_moveLeft              text10       005E
__end_of_moveRight             text9        0063
__end_of_print_aqc1_status     text3        02B6
__end_of_setNormal             text19       0054
__end_of_setStandby            text17       006C
__end_of_solar_tracker         text2        07FC
__end_of_sprintf               text6        0419
__end_of_stopMotor             text18       0059
__end_of_usart_init            text1        0092
__end_of_usart_write_char      text5        0080
__end_of_usart_write_string    text4        01DA
__initialization               cinit        07FC
__pcstackBANK0                 cstackBANK0  0020
__pcstackBANK1                 cstackBANK1  00A0
__pcstackCOMMON                cstackCOMMON 0070
__pmaintext                    maintext     0419
__pstringtext                  stringtext   0800
__ptext1                       text1        0080
__ptext10                      text10       0059
__ptext11                      text11       021E
__ptext12                      text12       00A7
__ptext13                      text13       0092
__ptext14                      text14       00F7
__ptext15                      text15       00DA
__ptext16                      text16       0114
__ptext17                      text17       0063
__ptext18                      text18       0054
__ptext19                      text19       0050
__ptext2                       text2        0516
__ptext20                      text20       00BF
__ptext21                      text21       02B6
__ptext22                      text22       0134
__ptext23                      text23       006C
__ptext3                       text3        0266
__ptext4                       text4        0198
__ptext5                       text5        0076
__ptext6                       text6        031D
__ptext7                       text7        015E
__ptext8                       text8        01DA
__ptext9                       text9        005E
__size_of___awdiv              (abs)        0000
__size_of___lwdiv              (abs)        0000
__size_of___lwmod              (abs)        0000
__size_of_adc_init             (abs)        0000
__size_of_adc_read             (abs)        0000
__size_of_changeMode           (abs)        0000
__size_of_change_cooler_state  (abs)        0000
__size_of_change_heater_state  (abs)        0000
__size_of_check_temperature    (abs)        0000
__size_of_configPorts          (abs)        0000
__size_of_debounce             (abs)        0000
__size_of_delay                (abs)        0000
__size_of_main                 (abs)        0000
__size_of_moveLeft             (abs)        0000
__size_of_moveRight            (abs)        0000
__size_of_print_aqc1_status    (abs)        0000
__size_of_setNormal            (abs)        0000
__size_of_setStandby           (abs)        0000
__size_of_solar_tracker        (abs)        0000
__size_of_sprintf              (abs)        0000
__size_of_stopMotor            (abs)        0000
__size_of_usart_init           (abs)        0000
__size_of_usart_write_char     (abs)        0000
__size_of_usart_write_string   (abs)        0000
__stringbase                   stringtext   0812
__stringtab                    stringtext   0800
_adc_init                      text23       006C
_adc_read                      text20       00BF
_changeMode                    text16       0114
_change_cooler_state           text15       00DA
_change_heater_state           text14       00F7
_check_temperature             text13       0092
_configPorts                   text22       0134
_debounce                      text11       021E
_delay                         text12       00A7
_dpowers                       stringtext   0812
_main                          maintext     0419
_moveLeft                      text10       0059
_moveRight                     text9        005E
_print_aqc1_status             text3        0266
_setNormal                     text19       0050
_setStandby                    text17       0063
_solar_tracker                 text2        0516
_sprintf                       text6        031D
_stopMotor                     text18       0054
_usart_init                    text1        0080
_usart_write_char              text5        0076
_usart_write_string            text4        0198
adc_read@ch                    cstackCOMMON 0070
btemp                          (abs)        007E
changeMode@state               cstackCOMMON 0070
check_temperature@temperature  cstackCOMMON 0070
debounce@port                  cstackCOMMON 0075
delay@i                        cstackCOMMON 0073
delay@t                        cstackCOMMON 0070
end_of_initialization          cinit        07FC
intlevel0                      functab      0000
intlevel1                      functab      0000
intlevel2                      functab      0000
intlevel3                      functab      0000
intlevel4                      functab      0000
intlevel5                      functab      0000
main@ldr_1                     cstackBANK1  00A8
main@ldr_2                     cstackBANK1  00AA
main@state                     cstackBANK1  00AE
main@temperature               cstackBANK1  00AC
print_aqc1_status@ldr_1        cstackBANK0  0031
print_aqc1_status@ldr_2        cstackBANK0  0033
print_aqc1_status@state        cstackBANK0  0037
print_aqc1_status@str          cstackBANK0  0039
print_aqc1_status@temperature  cstackBANK0  0035
reset_vec                      reset_vec    0000
solar_tracker@ldr_1            cstackBANK1  00A0
solar_tracker@ldr_2            cstackBANK1  00A2
solar_tracker@max_temp_reached cstackBANK0  006D
solar_tracker@state            cstackBANK1  00A6
solar_tracker@temperature      cstackBANK1  00A4
sprintf@ap                     cstackBANK0  002A
sprintf@c                      cstackBANK0  0030
sprintf@f                      cstackBANK0  0020
sprintf@flag                   cstackBANK0  002B
sprintf@prec                   cstackBANK0  002C
sprintf@sp                     cstackBANK0  002F
sprintf@val                    cstackBANK0  002D
start                          init         0000
start_initialization           cinit        07FC
usart_write_char@c             cstackCOMMON 0070
usart_write_string@i           cstackCOMMON 0076
usart_write_string@text        cstackCOMMON 0071
wtemp0                         (abs)        007E


MODULE INFORMATION

Module		Function		Class		Link	Load	Size
newmain.c
		_delay         		CODE           	00A7	0000	24
		_debounce      		CODE           	021E	0000	72
		_main          		CODE           	0419	0000	253
		_moveLeft      		CODE           	0059	0000	5
		_usart_write_char		CODE           	0076	0000	10
		_check_temperature		CODE           	0092	0000	21
		_stopMotor     		CODE           	0054	0000	5
		_changeMode    		CODE           	0114	0000	32
		_setNormal     		CODE           	0050	0000	4
		_moveRight     		CODE           	005E	0000	5
		_print_aqc1_status		CODE           	0266	0000	80
		_configPorts   		CODE           	0134	0000	42
		_setStandby    		CODE           	0063	0000	9
		_usart_init    		CODE           	0080	0000	18
		_adc_read      		CODE           	00BF	0000	27
		_adc_init      		CODE           	006C	0000	10
		_usart_write_string		CODE           	0198	0000	66
		_change_heater_state		CODE           	00F7	0000	29
		_change_cooler_state		CODE           	00DA	0000	29
		_solar_tracker 		CODE           	0516	0000	742

newmain.c estimated size: 1483

C:\Program Files\Microchip\xc8\v2.32\pic\sources\c90\common\lwmod.c
		___lwmod       		CODE           	015E	0000	58

C:\Program Files\Microchip\xc8\v2.32\pic\sources\c90\common\lwmod.c estimated size: 58

shared
		__stringtab    		STRCODE        	0800	0000	18
		_dpowers       		STRCODE        	0812	0000	10
		__initialization		CODE           	07FC	0000	1

shared estimated size: 29

C:\Program Files\Microchip\xc8\v2.32\pic\sources\c90\common\doprnt.c
		_sprintf       		CODE           	031D	0000	252

C:\Program Files\Microchip\xc8\v2.32\pic\sources\c90\common\doprnt.c estimated size: 252

C:\Program Files\Microchip\xc8\v2.32\pic\sources\c90\common\lwdiv.c
		___lwdiv       		CODE           	01DA	0000	68

C:\Program Files\Microchip\xc8\v2.32\pic\sources\c90\common\lwdiv.c estimated size: 68

C:\Program Files\Microchip\xc8\v2.32\pic\sources\c90\common\awdiv.c
		___awdiv       		CODE           	02B6	0000	103

C:\Program Files\Microchip\xc8\v2.32\pic\sources\c90\common\awdiv.c estimated size: 103

